00:00 +0: loading D:/projects/machine_test/test/repro_login_hang.dart
00:00 +0 -1: loading D:/projects/machine_test/test/repro_login_hang.dart [E]
  Failed to load "D:/projects/machine_test/test/repro_login_hang.dart":
  Compilation failed for testPath=D:/projects/machine_test/test/repro_login_hang.dart: Error: Couldn't resolve the package 'machine_test' in 'package:machine_test/repositories/auth_repository.dart'.
  Error: Couldn't resolve the package 'machine_test' in 'package:machine_test/blocs/auth/auth_bloc.dart'.
  Error: Couldn't resolve the package 'machine_test' in 'package:machine_test/blocs/auth/auth_event.dart'.
  Error: Couldn't resolve the package 'machine_test' in 'package:machine_test/blocs/auth/auth_state.dart'.
  test/repro_login_hang.dart:2:8: Error: Not found: 'package:machine_test/repositories/auth_repository.dart'
  import 'package:machine_test/repositories/auth_repository.dart';
         ^
  test/repro_login_hang.dart:3:8: Error: Not found: 'package:machine_test/blocs/auth/auth_bloc.dart'
  import 'package:machine_test/blocs/auth/auth_bloc.dart';
         ^
  test/repro_login_hang.dart:4:8: Error: Not found: 'package:machine_test/blocs/auth/auth_event.dart'
  import 'package:machine_test/blocs/auth/auth_event.dart';
         ^
  test/repro_login_hang.dart:5:8: Error: Not found: 'package:machine_test/blocs/auth/auth_state.dart'
  import 'package:machine_test/blocs/auth/auth_state.dart';
         ^
  test/repro_login_hang.dart:15:20: Error: Method not found: 'AuthRepository'.
        final repo = AuthRepository();
                     ^^^^^^^^^^^^^^
  test/repro_login_hang.dart:26:20: Error: Method not found: 'AuthRepository'.
        final repo = AuthRepository();
                     ^^^^^^^^^^^^^^
  test/repro_login_hang.dart:27:20: Error: Method not found: 'AuthBloc'.
        final bloc = AuthBloc(authRepository: repo);
                     ^^^^^^^^
  test/repro_login_hang.dart:30:13: Error: 'AuthLoading' isn't a type.
          isA<AuthLoading>(),
              ^^^^^^^^^^^
  test/repro_login_hang.dart:31:13: Error: 'AuthFailure' isn't a type.
          isA<AuthFailure>(),
              ^^^^^^^^^^^
  test/repro_login_hang.dart:36:16: Error: Method not found: 'SignInRequested'.
        bloc.add(SignInRequested('r', 'q'));
                 ^^^^^^^^^^^^^^^
  .
00:00 +0 -1: Some tests failed.
